[    0.000000] Linux version 4.15.0-55-generic (buildd@lcy01-amd64-029) (gcc version 7.4.0 (Ubuntu 7.4.0-1ubuntu1~18.04.1)) #60-Ubuntu SMP Tue Jul 2 18:22:20 UTC 2019 (Ubuntu 4.15.0-55.60-generic 4.15.18)
[    0.000000] Command line: BOOT_IMAGE=/boot/vmlinuz-4.15.0-55-generic root=LABEL=cloudimg-rootfs ro console=tty1 console=ttyS0
[    0.000000] KERNEL supported cpus:
[    0.000000]   Intel GenuineIntel
[    0.000000]   AMD AuthenticAMD
[    0.000000]   Centaur CentaurHauls
[    0.000000] x86/fpu: Supporting XSAVE feature 0x001: 'x87 floating point registers'
[    0.000000] x86/fpu: Supporting XSAVE feature 0x002: 'SSE registers'
[    0.000000] x86/fpu: Supporting XSAVE feature 0x004: 'AVX registers'
[    0.000000] x86/fpu: xstate_offset[2]:  576, xstate_sizes[2]:  256
[    0.000000] x86/fpu: Enabled xstate features 0x7, context size is 832 bytes, using 'standard' format.
[    0.000000] e820: BIOS-provided physical RAM map:
[    0.000000] BIOS-e820: [mem 0x0000000000000000-0x000000000009fbff] usable
[    0.000000] BIOS-e820: [mem 0x000000000009fc00-0x000000000009ffff] reserved
[    0.000000] BIOS-e820: [mem 0x00000000000f0000-0x00000000000fffff] reserved
[    0.000000] BIOS-e820: [mem 0x0000000000100000-0x000000003ffeffff] usable
[    0.000000] BIOS-e820: [mem 0x000000003fff0000-0x000000003fffffff] ACPI data
[    0.000000] BIOS-e820: [mem 0x00000000fec00000-0x00000000fec00fff] reserved
[    0.000000] BIOS-e820: [mem 0x00000000fee00000-0x00000000fee00fff] reserved
[    0.000000] BIOS-e820: [mem 0x00000000fffc0000-0x00000000ffffffff] reserved
[    0.000000] NX (Execute Disable) protection: active
[    0.000000] SMBIOS 2.5 present.
[    0.000000] DMI: innotek GmbH VirtualBox/VirtualBox, BIOS VirtualBox 12/01/2006
[    0.000000] Hypervisor detected: KVM
[    0.000000] e820: last_pfn = 0x3fff0 max_arch_pfn = 0x400000000
[    0.000000] MTRR: Disabled
[    0.000000] x86/PAT: MTRRs disabled, skipping PAT initialization too.
[    0.000000] CPU MTRRs all blank - virtualized system.
[    0.000000] x86/PAT: Configuration [0-7]: WB  WT  UC- UC  WB  WT  UC- UC  
[    0.000000] found SMP MP-table at [mem 0x0009fff0-0x0009ffff] mapped at [        (ptrval)]
[    0.000000] Scanning 1 areas for low memory corruption
[    0.000000] RAMDISK: [mem 0x35a91000-0x36d3ffff]
[    0.000000] ACPI: Early table checksum verification disabled
[    0.000000] ACPI: RSDP 0x00000000000E0000 000024 (v02 VBOX  )
[    0.000000] ACPI: XSDT 0x000000003FFF0030 00003C (v01 VBOX   VBOXXSDT 00000001 ASL  00000061)
[    0.000000] ACPI: FACP 0x000000003FFF00F0 0000F4 (v04 VBOX   VBOXFACP 00000001 ASL  00000061)
[    0.000000] ACPI: DSDT 0x000000003FFF0470 0022EA (v02 VBOX   VBOXBIOS 00000002 INTL 20100528)
[    0.000000] ACPI: FACS 0x000000003FFF0200 000040
[    0.000000] ACPI: FACS 0x000000003FFF0200 000040
[    0.000000] ACPI: APIC 0x000000003FFF0240 00005C (v02 VBOX   VBOXAPIC 00000001 ASL  00000061)
[    0.000000] ACPI: SSDT 0x000000003FFF02A0 0001CC (v01 VBOX   VBOXCPUT 00000002 INTL 20100528)
[    0.000000] No NUMA configuration found
[    0.000000] Faking a node at [mem 0x0000000000000000-0x000000003ffeffff]
[    0.000000] NODE_DATA(0) allocated [mem 0x3ffc5000-0x3ffeffff]
[    0.000000] kvm-clock: cpu 0, msr 0:3ff44001, primary cpu clock
[    0.000000] kvm-clock: Using msrs 4b564d01 and 4b564d00
[    0.000000] kvm-clock: using sched offset of 5065895214 cycles
[    0.000000] clocksource: kvm-clock: mask: 0xffffffffffffffff max_cycles: 0x1cd42e4dffb, max_idle_ns: 881590591483 ns
[    0.000000] Zone ranges:
[    0.000000]   DMA      [mem 0x0000000000001000-0x0000000000ffffff]
[    0.000000]   DMA32    [mem 0x0000000001000000-0x000000003ffeffff]
[    0.000000]   Normal   empty
[    0.000000]   Device   empty
[    0.000000] Movable zone start for each node
[    0.000000] Early memory node ranges
[    0.000000]   node   0: [mem 0x0000000000001000-0x000000000009efff]
[    0.000000]   node   0: [mem 0x0000000000100000-0x000000003ffeffff]
[    0.000000] Reserved but unavailable: 114 pages
[    0.000000] Initmem setup node 0 [mem 0x0000000000001000-0x000000003ffeffff]
[    0.000000] ACPI: PM-Timer IO Port: 0x4008
[    0.000000] IOAPIC[0]: apic_id 2, version 32, address 0xfec00000, GSI 0-23
[    0.000000] ACPI: INT_SRC_OVR (bus 0 bus_irq 0 global_irq 2 dfl dfl)
[    0.000000] ACPI: INT_SRC_OVR (bus 0 bus_irq 9 global_irq 9 low level)
[    0.000000] Using ACPI (MADT) for SMP configuration information
[    0.000000] smpboot: Allowing 2 CPUs, 0 hotplug CPUs
[    0.000000] PM: Registered nosave memory: [mem 0x00000000-0x00000fff]
[    0.000000] PM: Registered nosave memory: [mem 0x0009f000-0x0009ffff]
[    0.000000] PM: Registered nosave memory: [mem 0x000a0000-0x000effff]
[    0.000000] PM: Registered nosave memory: [mem 0x000f0000-0x000fffff]
[    0.000000] e820: [mem 0x40000000-0xfebfffff] available for PCI devices
[    0.000000] Booting paravirtualized kernel on KVM
[    0.000000] clocksource: refined-jiffies: mask: 0xffffffff max_cycles: 0xffffffff, max_idle_ns: 7645519600211568 ns
[    0.000000] random: get_random_bytes called from start_kernel+0x99/0x4fd with crng_init=0
[    0.000000] setup_percpu: NR_CPUS:8192 nr_cpumask_bits:2 nr_cpu_ids:2 nr_node_ids:1
[    0.000000] percpu: Embedded 46 pages/cpu @        (ptrval) s151552 r8192 d28672 u1048576
[    0.000000] PV qspinlock hash table entries: 256 (order: 0, 4096 bytes)
[    0.000000] Built 1 zonelists, mobility grouping on.  Total pages: 257913
[    0.000000] Policy zone: DMA32
[    0.000000] Kernel command line: BOOT_IMAGE=/boot/vmlinuz-4.15.0-55-generic root=LABEL=cloudimg-rootfs ro console=tty1 console=ttyS0
[    0.000000] Memory: 983452K/1048120K available (12300K kernel code, 2473K rwdata, 4276K rodata, 2408K init, 2416K bss, 64668K reserved, 0K cma-reserved)
[    0.000000] SLUB: HWalign=64, Order=0-3, MinObjects=0, CPUs=2, Nodes=1
[    0.000000] Kernel/User page tables isolation: enabled
[    0.000000] ftrace: allocating 39219 entries in 154 pages
[    0.004000] Hierarchical RCU implementation.
[    0.004000] 	RCU restricting CPUs from NR_CPUS=8192 to nr_cpu_ids=2.
[    0.004000] 	Tasks RCU enabled.
[    0.004000] RCU: Adjusting geometry for rcu_fanout_leaf=16, nr_cpu_ids=2
[    0.004000] NR_IRQS: 524544, nr_irqs: 440, preallocated irqs: 16
[    0.004000] Console: colour VGA+ 80x25
[    0.004000] console [tty1] enabled
[    0.004000] console [ttyS0] enabled
[    0.004000] ACPI: Core revision 20170831
[    0.004000] ACPI: 2 ACPI AML tables successfully acquired and loaded
[    0.004000] APIC: Switch to symmetric I/O mode setup
[    0.004000] x2apic enabled
[    0.004000] Switched APIC routing to physical x2apic.
[    0.009839] ..TIMER: vector=0x30 apic1=0 pin1=2 apic2=-1 pin2=-1
[    0.012007] tsc: Detected 2593.996 MHz processor
[    0.013625] Calibrating delay loop (skipped) preset value.. 5187.99 BogoMIPS (lpj=10375984)
[    0.016010] pid_max: default: 32768 minimum: 301
[    0.020074] Security Framework initialized
[    0.021622] Yama: becoming mindful.
[    0.024038] AppArmor: AppArmor initialized
[    0.025749] Dentry cache hash table entries: 131072 (order: 8, 1048576 bytes)
[    0.028125] Inode-cache hash table entries: 65536 (order: 7, 524288 bytes)
[    0.030441] Mount-cache hash table entries: 2048 (order: 2, 16384 bytes)
[    0.032015] Mountpoint-cache hash table entries: 2048 (order: 2, 16384 bytes)
[    0.036338] mce: CPU supports 0 MCE banks
[    0.038002] Last level iTLB entries: 4KB 64, 2MB 8, 4MB 8
[    0.040008] Last level dTLB entries: 4KB 64, 2MB 0, 4MB 0, 1GB 4
[    0.042114] Spectre V2 : Mitigation: Full generic retpoline
[    0.044008] Spectre V2 : Spectre v2 / SpectreRSB mitigation: Filling RSB on context switch
[    0.048009] Speculative Store Bypass: Vulnerable
[    0.049687] MDS: Vulnerable: Clear CPU buffers attempted, no microcode
[    0.052319] Freeing SMP alternatives memory: 36K
[    0.060000] smpboot: CPU0: Intel(R) Core(TM) i7-5600U CPU @ 2.60GHz (family: 0x6, model: 0x3d, stepping: 0x4)
[    0.060000] Performance Events: unsupported p6 CPU model 61 no PMU driver, software events only.
[    0.060063] Hierarchical SRCU implementation.
[    0.064796] NMI watchdog: Perf event create on CPU 0 failed with -2
[    0.067114] NMI watchdog: Perf NMI watchdog permanently disabled
[    0.068166] smp: Bringing up secondary CPUs ...
[    0.072184] x86: Booting SMP configuration:
[    0.073617] .... node  #0, CPUs:      #1
[    0.004000] kvm-clock: cpu 1, msr 0:3ff44041, secondary cpu clock
[    0.004000] mce: CPU supports 0 MCE banks
[    0.084114] smp: Brought up 1 node, 2 CPUs
[    0.085614] smpboot: Max logical packages: 1
[    0.088019] smpboot: Total of 2 processors activated (10375.98 BogoMIPS)
[    0.090824] devtmpfs: initialized
[    0.092114] x86/mm: Memory block size: 128MB
[    0.094314] evm: security.selinux
[    0.096006] evm: security.SMACK64
[    0.097263] evm: security.SMACK64EXEC
[    0.098564] evm: security.SMACK64TRANSMUTE
[    0.100013] evm: security.SMACK64MMAP
[    0.102119] evm: security.apparmor
[    0.104004] evm: security.ima
[    0.105104] evm: security.capability
[    0.108274] clocksource: jiffies: mask: 0xffffffff max_cycles: 0xffffffff, max_idle_ns: 7645041785100000 ns
[    0.112029] futex hash table entries: 512 (order: 3, 32768 bytes)
[    0.114315] pinctrl core: initialized pinctrl subsystem
[    0.120206] RTC time:  1:02:32, date: 09/10/19
[    0.124090] NET: Registered protocol family 16
[    0.126023] audit: initializing netlink subsys (disabled)
[    0.128034] audit: type=2000 audit(1568077359.480:1): state=initialized audit_enabled=0 res=1
[    0.128295] cpuidle: using governor ladder
[    0.132012] cpuidle: using governor menu
[    0.133748] ACPI: bus type PCI registered
[    0.136012] acpiphp: ACPI Hot Plug PCI Controller Driver version: 0.5
[    0.138921] PCI: Using configuration type 1 for base access
[    0.144188] HugeTLB registered 2.00 MiB page size, pre-allocated 0 pages
[    0.148160] ACPI: Added _OSI(Module Device)
[    0.149695] ACPI: Added _OSI(Processor Device)
[    0.151818] ACPI: Added _OSI(3.0 _SCP Extensions)
[    0.152029] ACPI: Added _OSI(Processor Aggregator Device)
[    0.156013] ACPI: Added _OSI(Linux-Dell-Video)
[    0.158378] ACPI: Added _OSI(Linux-Lenovo-NV-HDMI-Audio)
[    0.160007] ACPI: Added _OSI(Linux-HPI-Hybrid-Graphics)
[    0.162531] ACPI: Executed 1 blocks of module-level executable AML code
[    0.181377] ACPI: Interpreter enabled
[    0.183457] ACPI: (supports S0 S5)
[    0.184011] ACPI: Using IOAPIC for interrupt routing
[    0.189009] PCI: Using host bridge windows from ACPI; if necessary, use "pci=nocrs" and report a bug
[    0.192539] ACPI: Enabled 2 GPEs in block 00 to 07
[    0.223633] ACPI: PCI Root Bridge [PCI0] (domain 0000 [bus 00-ff])
[    0.224024] acpi PNP0A03:00: _OSC: OS supports [ASPM ClockPM Segments MSI]
[    0.232340] acpi PNP0A03:00: _OSC: not requesting OS control; OS requires [ExtendedConfig ASPM ClockPM MSI]
[    0.236052] acpi PNP0A03:00: fail to add MMCONFIG information, can't access extended PCI configuration space under this bridge.
[    0.244787] PCI host bridge to bus 0000:00
[    0.247180] pci_bus 0000:00: root bus resource [io  0x0000-0x0cf7 window]
[    0.248013] pci_bus 0000:00: root bus resource [io  0x0d00-0xffff window]
[    0.252014] pci_bus 0000:00: root bus resource [mem 0x000a0000-0x000bffff window]
[    0.256016] pci_bus 0000:00: root bus resource [mem 0x40000000-0xfdffffff window]
[    0.260014] pci_bus 0000:00: root bus resource [bus 00-ff]
[    0.268757] pci 0000:00:01.1: legacy IDE quirk: reg 0x10: [io  0x01f0-0x01f7]
[    0.272000] pci 0000:00:01.1: legacy IDE quirk: reg 0x14: [io  0x03f6]
[    0.272011] pci 0000:00:01.1: legacy IDE quirk: reg 0x18: [io  0x0170-0x0177]
[    0.276020] pci 0000:00:01.1: legacy IDE quirk: reg 0x1c: [io  0x0376]
[    0.316673] pci 0000:00:07.0: quirk: [io  0x4000-0x403f] claimed by PIIX4 ACPI
[    0.319629] pci 0000:00:07.0: quirk: [io  0x4100-0x410f] claimed by PIIX4 SMB
[    0.337146] ACPI: PCI Interrupt Link [LNKA] (IRQs 5 9 10 *11)
[    0.340823] ACPI: PCI Interrupt Link [LNKB] (IRQs 5 9 *10 11)
[    0.343516] ACPI: PCI Interrupt Link [LNKC] (IRQs 5 *9 10 11)
[    0.344428] ACPI: PCI Interrupt Link [LNKD] (IRQs 5 9 10 *11)
[    0.348883] SCSI subsystem initialized
[    0.350288] pci 0000:00:02.0: vgaarb: setting as boot VGA device
[    0.350288] pci 0000:00:02.0: vgaarb: VGA device added: decodes=io+mem,owns=io+mem,locks=none
[    0.352008] pci 0000:00:02.0: vgaarb: bridge control possible
[    0.356011] vgaarb: loaded
[    0.357934] ACPI: bus type USB registered
[    0.359539] usbcore: registered new interface driver usbfs
[    0.360021] usbcore: registered new interface driver hub
[    0.361774] usbcore: registered new device driver usb
[    0.364111] EDAC MC: Ver: 3.0.0
[    0.365626] PCI: Using ACPI for IRQ routing
[    0.368661] NetLabel: Initializing
[    0.370212] NetLabel:  domain hash size = 128
[    0.372000] NetLabel:  protocols = UNLABELED CIPSOv4 CALIPSO
[    0.372042] NetLabel:  unlabeled traffic allowed by default
[    0.376201] clocksource: Switched to clocksource kvm-clock
[    0.421421] VFS: Disk quotas dquot_6.6.0
[    0.423480] VFS: Dquot-cache hash table entries: 512 (order 0, 4096 bytes)
[    0.426169] AppArmor: AppArmor Filesystem Enabled
[    0.428436] pnp: PnP ACPI init
[    0.433251] pnp: PnP ACPI: found 3 devices
[    0.449153] clocksource: acpi_pm: mask: 0xffffff max_cycles: 0xffffff, max_idle_ns: 2085701024 ns
[    0.453531] NET: Registered protocol family 2
[    0.460589] TCP established hash table entries: 8192 (order: 4, 65536 bytes)
[    0.463345] TCP bind hash table entries: 8192 (order: 5, 131072 bytes)
[    0.466007] TCP: Hash tables configured (established 8192 bind 8192)
[    0.468518] UDP hash table entries: 512 (order: 2, 16384 bytes)
[    0.471464] UDP-Lite hash table entries: 512 (order: 2, 16384 bytes)
[    0.474564] NET: Registered protocol family 1
[    0.476759] pci 0000:00:00.0: Limiting direct PCI/PCI transfers
[    0.479326] pci 0000:00:01.0: Activating ISA DMA hang workarounds
[    0.482150] pci 0000:00:02.0: Video device with shadowed ROM at [mem 0x000c0000-0x000dffff]
[    0.486016] Unpacking initramfs...
[    1.278072] Freeing initrd memory: 19132K
[    1.280140] clocksource: tsc: mask: 0xffffffffffffffff max_cycles: 0x2564143601c, max_idle_ns: 440795231101 ns
[    1.283520] platform rtc_cmos: registered platform RTC device (no PNP device found)
[    1.286841] Scanning for low memory corruption every 60 seconds
[    1.292229] Initialise system trusted keyrings
[    1.293814] Key type blacklist registered
[    1.295293] workingset: timestamp_bits=36 max_order=18 bucket_order=0
[    1.300732] zbud: loaded
[    1.303040] squashfs: version 4.0 (2009/01/31) Phillip Lougher
[    1.308327] fuse init (API version 7.26)
[    1.312628] Key type asymmetric registered
[    1.314054] Asymmetric key parser 'x509' registered
[    1.316233] Block layer SCSI generic (bsg) driver version 0.4 loaded (major 246)
[    1.319238] io scheduler noop registered
[    1.321216] io scheduler deadline registered
[    1.323544] io scheduler cfq registered (default)
[    1.326169] ACPI: AC Adapter [AC] (on-line)
[    1.328061] input: Power Button as /devices/LNXSYSTM:00/LNXPWRBN:00/input/input0
[    1.331726] ACPI: Power Button [PWRF]
[    1.333488] input: Sleep Button as /devices/LNXSYSTM:00/LNXSLPBN:00/input/input1
[    1.336343] ACPI: Sleep Button [SLPF]
[    1.344412] ACPI: Battery Slot [BAT0] (battery present)
[    1.346834] Serial: 8250/16550 driver, 32 ports, IRQ sharing enabled
[    1.371163] 00:02: ttyS0 at I/O 0x3f8 (irq = 4, base_baud = 115200) is a 16550A
[    1.381455] Linux agpgart interface v0.103
[    1.386903] loop: module loaded
[    1.390641] scsi host0: ata_piix
[    1.393122] scsi host1: ata_piix
[    1.394443] ata1: PATA max UDMA/33 cmd 0x1f0 ctl 0x3f6 bmdma 0xd000 irq 14
[    1.397422] ata2: PATA max UDMA/33 cmd 0x170 ctl 0x376 bmdma 0xd008 irq 15
[    1.400662] libphy: Fixed MDIO Bus: probed
[    1.402598] tun: Universal TUN/TAP device driver, 1.6
[    1.406210] PPP generic driver version 2.4.2
[    1.408621] ehci_hcd: USB 2.0 'Enhanced' Host Controller (EHCI) Driver
[    1.411498] ehci-pci: EHCI PCI platform driver
[    1.413831] ehci-platform: EHCI generic platform driver
[    1.416197] ohci_hcd: USB 1.1 'Open' Host Controller (OHCI) Driver
[    1.421096] ohci-pci: OHCI PCI platform driver
[    1.424545] ohci-platform: OHCI generic platform driver
[    1.426780] uhci_hcd: USB Universal Host Controller Interface driver
[    1.430067] i8042: PNP: PS/2 Controller [PNP0303:PS2K,PNP0f03:PS2M] at 0x60,0x64 irq 1,12
[    1.434672] serio: i8042 KBD port at 0x60,0x64 irq 1
[    1.440638] serio: i8042 AUX port at 0x60,0x64 irq 12
[    1.443525] mousedev: PS/2 mouse device common for all mice
[    1.447167] input: AT Translated Set 2 keyboard as /devices/platform/i8042/serio0/input/input2
[    1.451251] rtc_cmos rtc_cmos: rtc core: registered rtc_cmos as rtc0
[    1.454332] rtc_cmos rtc_cmos: alarms up to one day, 114 bytes nvram
[    1.457137] i2c /dev entries driver
[    1.458985] device-mapper: uevent: version 1.0.3
[    1.461739] device-mapper: ioctl: 4.37.0-ioctl (2017-09-20) initialised: dm-devel@redhat.com
[    1.465608] ledtrig-cpu: registered to indicate activity on CPUs
[    1.469031] NET: Registered protocol family 10
[    1.479466] Segment Routing with IPv6
[    1.481384] NET: Registered protocol family 17
[    1.483714] Key type dns_resolver registered
[    1.486811] RAS: Correctable Errors collector initialized.
[    1.492071] sched_clock: Marking stable (1492032957, 0)->(2099724443, -607691486)
[    1.496311] registered taskstats version 1
[    1.497934] Loading compiled-in X.509 certificates
[    1.502692] Loaded X.509 cert 'Build time autogenerated kernel key: 2ed9c0a78927f1fed24db33f01fd983502d97350'
[    1.506847] zswap: loaded using pool lzo/zbud
[    1.513510] Key type big_key registered
[    1.514846] Key type trusted registered
[    1.517917] Key type encrypted registered
[    1.519435] AppArmor: AppArmor sha1 policy hashing enabled
[    1.521985] ima: No TPM chip found, activating TPM-bypass! (rc=-19)
[    1.524681] ima: Allocated hash algorithm: sha1
[    1.526334] evm: HMAC attrs: 0x1
[    1.527868]   Magic number: 3:832:2
[    1.529333] rtc_cmos rtc_cmos: setting system clock to 2019-09-10 01:02:34 UTC (1568077354)
[    1.533188] BIOS EDD facility v0.16 2004-Jun-25, 0 devices found
[    1.535661] EDD information not available.
[    1.572583] Freeing unused kernel image memory: 2408K
[    1.594526] Write protecting the kernel read-only data: 20480k
[    1.597828] Freeing unused kernel image memory: 2008K
[    1.600455] Freeing unused kernel image memory: 1868K
[    1.643764] x86/mm: Checked W+X mappings: passed, no W+X pages found.
[    1.646783] x86/mm: Checking user space page tables
[    1.688799] x86/mm: Checked W+X mappings: passed, no W+X pages found.
Loading, please wait...
starting version 237
[    1.868002] Fusion MPT base driver 3.04.20
[    1.871692] Copyright (c) 1999-2008 LSI Corporation
[    1.896407] AVX2 version of gcm_enc/dec engaged.
[    1.900925] AES CTR mode by8 optimization enabled
[    1.912376] e1000: Intel(R) PRO/1000 Network Driver - version 7.3.21-k8-NAPI
[    1.915555] e1000: Copyright (c) 1999-2006 Intel Corporation.
[    1.968541] Fusion MPT SPI Host driver 3.04.20
[    2.168091] input: ImExPS/2 Generic Explorer Mouse as /devices/platform/i8042/serio1/input/input4
[    2.481467] e1000 0000:00:03.0 eth0: (PCI:33MHz:32-bit) 02:ec:42:53:32:f0
[    2.483919] e1000 0000:00:03.0 eth0: Intel(R) PRO/1000 Network Connection
[    2.489642] mptbase: ioc0: Initiating bringup
[    2.489872] e1000 0000:00:03.0 enp0s3: renamed from eth0
[    2.600551] ioc0: LSI53C1030 A0: Capabilities={Initiator}
[    2.847573] scsi host2: ioc0: LSI53C1030 A0, FwRev=00000000h, Ports=1, MaxQ=256, IRQ=20
[    3.016976] scsi 2:0:0:0: Direct-Access     VBOX     HARDDISK         1.0  PQ: 0 ANSI: 5
[    3.068018] scsi target2:0:0: Beginning Domain Validation
[    3.073019] scsi target2:0:0: Domain Validation skipping write tests
[    3.075709] scsi target2:0:0: Ending Domain Validation
[    3.077716] scsi target2:0:0: asynchronous
[    3.079814] scsi 2:0:1:0: Direct-Access     VBOX     HARDDISK         1.0  PQ: 0 ANSI: 5
[    3.323439] scsi target2:0:1: Beginning Domain Validation
[    3.326757] random: fast init done
[    3.329401] scsi target2:0:1: Domain Validation skipping write tests
[    3.331469] scsi target2:0:1: Ending Domain Validation
[    3.333552] scsi target2:0:1: asynchronous
[    3.345418] random: systemd-udevd: uninitialized urandom read (16 bytes read)
[    3.345557] sd 2:0:0:0: Attached scsi generic sg0 type 0
[    3.345893] sd 2:0:1:0: Attached scsi generic sg1 type 0
[    3.346254] sd 2:0:0:0: [sda] 20971520 512-byte logical blocks: (10.7 GB/10.0 GiB)
[    3.346332] sd 2:0:0:0: [sda] Write Protect is off
[    3.346485] sd 2:0:0:0: [sda] Incomplete mode parameter data
[    3.346488] sd 2:0:0:0: [sda] Assuming drive cache: write through
[    3.347998]  sda: sda1
[    3.348983] sd 2:0:0:0: [sda] Attached SCSI disk
[    3.349285] sd 2:0:1:0: [sdb] 20480 512-byte logical blocks: (10.5 MB/10.0 MiB)
[    3.349362] sd 2:0:1:0: [sdb] Write Protect is off
[    3.349515] sd 2:0:1:0: [sdb] Incomplete mode parameter data
[    3.349518] sd 2:0:1:0: [sdb] Assuming drive cache: write through
[    3.352481] sd 2:0:1:0: [sdb] Attached SCSI disk
[    3.383910] random: systemd-udevd: uninitialized urandom read (16 bytes read)
[    3.389142] random: systemd-udevd: uninitialized urandom read (16 bytes read)
Begin: Loading essential drivers ... [    5.668263] raid6: sse2x1   gen()  2447 MB/s
[    5.716351] raid6: sse2x1   xor()  1520 MB/s
[    5.764107] raid6: sse2x2   gen()  4853 MB/s
[    5.812441] raid6: sse2x2   xor()  2477 MB/s
[    5.860283] raid6: sse2x4   gen()  5862 MB/s
[    5.908076] raid6: sse2x4   xor()  3033 MB/s
[    5.956561] raid6: avx2x1   gen()  3915 MB/s
[    6.004562] raid6: avx2x1   xor()  2269 MB/s
[    6.052517] raid6: avx2x2   gen()  8430 MB/s
[    6.104190] raid6: avx2x2   xor()  4626 MB/s
[    6.152223] raid6: avx2x4   gen() 12257 MB/s
[    6.200125] raid6: avx2x4   xor()  6834 MB/s
[    6.203174] raid6: using algorithm avx2x4 gen() 12257 MB/s
[    6.206037] raid6: .... xor() 6834 MB/s, rmw enabled
[    6.208414] raid6: using avx2x2 recovery algorithm
[    6.212564] xor: automatically using best checksumming function   avx       
[    6.217371] async_tx: api initialized (async)
done.
Begin: Running /scripts/init-premount ... done.
Begin: Mounting root file system ... Begin: Running /scripts/local-top ... done.
Begin: Running /scripts/local-premount ... [    6.325167] Btrfs loaded, crc32c=crc32c-intel
Scanning for Btrfs filesystems
done.
Warning: fsck not present, so skipping root file system
[    6.376729] EXT4-fs (sda1): mounted filesystem with ordered data mode. Opts: (null)
done.
Begin: Running /scripts/local-bottom ... done.
Begin: Running /scripts/init-bottom ... done.
[    6.604573] ip_tables: (C) 2000-2006 Netfilter Core Team
[    6.620092] systemd[1]: systemd 237 running in system mode. (+PAM +AUDIT +SELINUX +IMA +APPARMOR +SMACK +SYSVINIT +UTMP +LIBCRYPTSETUP +GCRYPT +GNUTLS +ACL +XZ +LZ4 +SECCOMP +BLKID +ELFUTILS +KMOD -IDN2 +IDN -PCRE2 default-hierarchy=hybrid)
[    6.628180] systemd[1]: Detected virtualization oracle.
[    6.629898] systemd[1]: Detected architecture x86-64.

Welcome to [1mUbuntu 18.04.2 LTS[0m!

[    6.641641] systemd[1]: Set hostname to <ubuntu>.
[    6.647380] systemd[1]: Initializing machine ID from random generator.
[    6.650183] systemd[1]: Installed transient /etc/machine-id file.
[    7.008647] systemd[1]: Set up automount Arbitrary Executable File Formats File System Automount Point.
[[0;32m  OK  [0m] Set up automount Arbitrary Executabâ€¦rmats File System Automount Point.
[    7.014328] systemd[1]: Reached target User and Group Name Lookups.
[[0;32m  OK  [0m] Reached target User and Group Name Lookups.
[    7.019520] systemd[1]: Started Forward Password Requests to Wall Directory Watch.
[[0;32m  OK  [0m] Started Forward Password Requests to Wall Directory Watch.
[    7.027495] systemd[1]: Created slice User and Session Slice.
[[0;32m  OK  [0m] Created slice User and Session Slice.
[[0;32m  OK  [0m] Reached target Swap.
[[0;32m  OK  [0m] Reached target System Time Synchronized.
[[0;32m  OK  [0m] Created slice System Slice.
[[0;32m  OK  [0m] Listening on Syslog Socket.
[[0;32m  OK  [0m] Listening on udev Kernel Socket.
[[0;32m  OK  [0m] Listening on Device-mapper event daemon FIFOs.
[[0;32m  OK  [0m] Listening on Journal Audit Socket.
[[0;32m  OK  [0m] Listening on LVM2 metadata daemon socket.
[[0;32m  OK  [0m] Created slice system-serial\x2dgetty.slice.
[[0;32m  OK  [0m] Reached target Slices.
[[0;32m  OK  [0m] Listening on /dev/initctl Compatibility Named Pipe.
[[0;32m  OK  [0m] Listening on Journal Socket.
         Starting Remount Root and Kernel File Systems...
         Starting Monitoring of LVM2 mirrorsâ€¦ng dmeventd or progress polling...
         Mounting POSIX Message Queue File System...
         Mounting Kernel Debug File System...
         Starting Uncomplicated firewall...
         Starting Create list of required stâ€¦ce nodes for the current kernel...
         Starting Set the console keyboard layout...
[[0;32m  OK  [0m] Listening on Network Service Netlink Socket.
         Mounting Huge Pages File System...
[    7.170282] EXT4-fs (sda1): re-mounted. Opts: (null)
         Starting Load Kernel Modules...
[[0;32m  OK  [0m] Listening on Journal Socket (/dev/log).
         Starting Journal Service...
[[0;32m  OK  [0m] Listening on LVM2 poll daemon socket.
[[0;32m  OK  [0m] Listening on udev Control Socket.
         Starting udev Coldplug all Devices...
[[0;32m  OK  [0m] Started Remount Root and Kernel File Systems.
[[0;32m  OK  [0m] Mounted POSIX Message Queue File System.
[[0;32m  OK  [0m] Mounted Kernel Debug File System.
[[0;32m  OK  [0m] Started Uncomplicated firewall.
[[0;32m  OK  [0m] Started Create list of required staâ€¦vice nodes for the current kernel.
[[0;32m  OK  [0m] Mounted Huge Pages File System.
[[0;32m  OK  [0m] Started LVM2 metadata daemon.
         Starting Create Static Device Nodes in /dev...
[    7.271992] Loading iSCSI transport class v2.0-870.
         Starting Load/Save Random Seed...
[[0;32m  OK  [0m] Started Load/Save Random Seed.
[    7.359154] iscsi: registered transport (tcp)
[[0;32m  OK  [0m] Started udev Coldplug all Devices.
[[0;32m  OK  [0m] Started Monitoring of LVM2 mirrors,â€¦sing dmeventd or progress polling.
[[0;32m  OK  [0m] Started Create Static Device Nodes in /dev.
         Starting udev Kernel Device Manager...
[[0;32m  OK  [0m] Started Journal Service.
         Starting Flush Journal to Persistent Storage...
[    7.476926] systemd-journald[396]: Received request to flush runtime journal from PID 1
[    7.496936] iscsi: registered transport (iser)
[[0;32m  OK  [0m] Started Load Kernel Modules.
         Mounting Kernel Configuration File System...
         Starting Apply Kernel Variables...
         Mounting FUSE Control File System...
[[0;32m  OK  [0m] Mounted Kernel Configuration File System.
[[0;32m  OK  [0m] Mounted FUSE Control File System.
[[0;32m  OK  [0m] Started udev Kernel Device Manager.
[[0;32m  OK  [0m] Started Apply Kernel Variables.
[[0;32m  OK  [0m] Started Flush Journal to Persistent Storage.
[[0;32m  OK  [0m] Started Set the console keyboard layout.
[[0;32m  OK  [0m] Started Dispatch Password Requests to Console Directory Watch.
[[0;32m  OK  [0m] Reached target Local Encrypted Volumes.
[[0;32m  OK  [0m] Reached target Local File Systems (Pre).
[[0;32m  OK  [0m] Reached target Local File Systems.
         Starting Commit a transient machine-id on disk...
         Starting Tell Plymouth To Write Out Runtime Data...
         Starting AppArmor initialization...
         Starting ebtables ruleset management...
         Starting Set console font and keymap...
         Starting Create Volatile Files and Directories...
[[0;32m  OK  [0m] Started Tell Plymouth To Write Out Runtime Data.
[[0;32m  OK  [0m] Started Set console font and keymap.
[[0;32m  OK  [0m] Started Create Volatile Files and Directories.
         Starting Update UTMP about System Boot/Shutdown...
[[0;32m  OK  [0m] Started Update UTMP about System Boot/Shutdown.
[[0;32m  OK  [0m] Started Commit a transient machine-id on disk.
[[0;32m  OK  [0m] Started ebtables ruleset management.
[[0;32m  OK  [0m] Found device /dev/ttyS0.
[[0;32m  OK  [0m] Listening on Load/Save RF Kill Switch Status /dev/rfkill Watch.
[[0;32m  OK  [0m] Started AppArmor initialization.
         Starting Initial cloud-init job (pre-networking)...
[   13.401586] cloud-init[541]: Cloud-init v. 19.1-1-gbaa47854-0ubuntu1~18.04.1 running 'init-local' at Tue, 10 Sep 2019 01:02:45 +0000. Up 12.61 seconds.
[[0;32m  OK  [0m] Started Initial cloud-init job (pre-networking).
[[0;32m  OK  [0m] Reached target Network (Pre).
         Starting Network Service...
[[0;32m  OK  [0m] Started Network Service.
         Starting Wait for Network to be Configured...
         Starting Network Name Resolution...
[[0;32m  OK  [0m] Started Network Name Resolution.
[[0;32m  OK  [0m] Reached target Host and Network Name Lookups.
[[0;32m  OK  [0m] Reached target Network.
[[0;32m  OK  [0m] Started Wait for Network to be Configured.
         Starting Initial cloud-init job (metadata service crawler)...
[   16.749999] cloud-init[668]: Cloud-init v. 19.1-1-gbaa47854-0ubuntu1~18.04.1 running 'init' at Tue, 10 Sep 2019 01:02:49 +0000. Up 16.37 seconds.
[   16.754724] cloud-init[668]: ci-info: ++++++++++++++++++++++++++++++++++++++Net device info++++++++++++++++++++++++++++++++++++++
[   16.757840] cloud-init[668]: ci-info: +--------+------+----------------------------+---------------+--------+-------------------+
[   16.760517] cloud-init[668]: ci-info: | Device |  Up  |          Address           |      Mask     | Scope  |     Hw-Address    |
[   16.765222] cloud-init[668]: ci-info: +--------+------+----------------------------+---------------+--------+-------------------+
[   16.768603] cloud-init[668]: ci-info: | enp0s3 | True |         10.0.2.15          | 255.255.255.0 | global | 02:ec:42:53:32:f0 |
[   16.771414] cloud-init[668]: ci-info: | enp0s3 | True | fe80::ec:42ff:fe53:32f0/64 |       .       |  link  | 02:ec:42:53:32:f0 |
[   16.774402] cloud-init[668]: ci-info: |   lo   | True |         127.0.0.1          |   255.0.0.0   |  host  |         .         |
[   16.778163] cloud-init[668]: ci-info: |   lo   | True |          ::1/128           |       .       |  host  |         .         |
[   16.782825] cloud-init[668]: ci-info: +--------+------+----------------------------+---------------+--------+-------------------+
[   16.785844] cloud-init[668]: ci-info: ++++++++++++++++++++++++++++Route IPv4 info+++++++++++++++++++++++++++++
[   16.788672] cloud-init[668]: ci-info: +-------+-------------+----------+-----------------+-----------+-------+
[   16.791154] cloud-init[668]: ci-info: | Route | Destination | Gateway  |     Genmask     | Interface | Flags |
[   16.793868] cloud-init[668]: ci-info: +-------+-------------+----------+-----------------+-----------+-------+
[   16.797181] cloud-init[668]: ci-info: |   0   |   0.0.0.0   | 10.0.2.2 |     0.0.0.0     |   enp0s3  |   UG  |
[   16.800520] cloud-init[668]: ci-info: |   1   |   10.0.2.0  | 0.0.0.0  |  255.255.255.0  |   enp0s3  |   U   |
[   16.803010] cloud-init[668]: ci-info: |   2   |   10.0.2.2  | 0.0.0.0  | 255.255.255.255 |   enp0s3  |   UH  |
[   16.805078] cloud-init[668]: ci-info: +-------+-------------+----------+-----------------+-----------+-------+
[   16.807022] cloud-init[668]: ci-info: +++++++++++++++++++Route IPv6 info+++++++++++++++++++
[   16.809083] cloud-init[668]: ci-info: +-------+-------------+---------+-----------+-------+
[   16.811026] cloud-init[668]: ci-info: | Route | Destination | Gateway | Interface | Flags |
[   16.814028] cloud-init[668]: ci-info: +-------+-------------+---------+-----------+-------+
[   16.824378] cloud-init[668]: ci-info: |   1   |  fe80::/64  |    ::   |   enp0s3  |   U   |
[   16.826322] cloud-init[668]: ci-info: |   3   |    local    |    ::   |   enp0s3  |   U   |
[   16.828975] cloud-init[668]: ci-info: |   4   |   ff00::/8  |    ::   |   enp0s3  |   U   |
[   16.831423] cloud-init[668]: ci-info: +-------+-------------+---------+-----------+-------+
[   17.922136] cloud-init[668]: Generating public/private rsa key pair.
[   17.924408] cloud-init[668]: Your identification has been saved in /etc/ssh/ssh_host_rsa_key.
[   17.928388] cloud-init[668]: Your public key has been saved in /etc/ssh/ssh_host_rsa_key.pub.
[   17.933362] cloud-init[668]: The key fingerprint is:
[   17.934828] cloud-init[668]: SHA256:0fI464LIp0g4EDjFmHeTVkdEieQfEK1psSMFBMBI2ws root@ubuntu-bionic
[   17.939326] cloud-init[668]: The key's randomart image is:
[   17.952547] cloud-init[668]: +---[RSA 2048]----+
[   17.954470] cloud-init[668]: |=*ooo==B=.       |
[   17.956810] cloud-init[668]: |=o= =.+oo.       |
[   17.958173] cloud-init[668]: |+E + o.=+ .      |
[   17.973138] cloud-init[668]: | o. o *. *       |
[   17.975088] cloud-init[668]: |.  . o .S .      |
[   17.977452] cloud-init[668]: |o        o       |
[   17.980315] cloud-init[668]: |oo . .  .        |
[   17.981951] cloud-init[668]: |.oo o ..         |
[   17.983880] cloud-init[668]: |. .o   ..        |
[   17.986225] cloud-init[668]: +----[SHA256]-----+
[   18.000408] cloud-init[668]: Generating public/private dsa key pair.
[   18.013119] cloud-init[668]: Your identification has been saved in /etc/ssh/ssh_host_dsa_key.
[   18.032649] cloud-init[668]: Your public key has been saved in /etc/ssh/ssh_host_dsa_key.pub.
[   18.035459] cloud-init[668]: The key fingerprint is:
[   18.038448] cloud-init[668]: SHA256:72Lwz8RWYRagU9DkZLPwG6fnB6ogZG5gOGSGz3+Feu0 root@ubuntu-bionic
[   18.041540] cloud-init[668]: The key's randomart image is:
[   18.044201] cloud-init[668]: +---[DSA 1024]----+
[[0;32m  OK  [0m[   18.047296] ] cloud-initStarted Initial cloud-init job (metadata service crawler).[668]: 
|        o+B..    |
[   18.050281] cloud-init[668]: |.        O.o .   |
[[0;32m  OK  [0m[   18.060906] cloud-init[668]: |.+      o = =    |
[   18.061503] cloud-init[668]: |++     . . B .   |
] Reached target Cloud-config availability.
[[   18.062462] cloud-init[668]: |o = o . S o +    |
[0;32m  OK  [0m[   18.066596] ] cloud-initReached target System Initialization.[668]: 
| o * ..o o = .   |
[   18.071596] cloud-init[668]: |    * +o. * . .  |
[   18.073265] cloud-init[668]: |   . + o+*   .   |
[[0;32m  OK  [0m[   18.074714] cloud-init[668]: |       .Eo+      |
[   18.075376] cloud-init[668]: +----[SHA256]-----+
[   18.076530] cloud-init[668]: Generating public/private ecdsa key pair.
] Started Discard unused blocks once a week.
[   18.077646] cloud-init[668]: Your identification has been saved in /etc/ssh/ssh_host_ecdsa_key.
[   18.081351] cloud-init[668]: Your public key has been saved in /etc/ssh/ssh_host_ecdsa_key.pub.
[   18.085353] cloud-init[668]: The key fingerprint is:
[   18.087127] cloud-init[668]: SHA256:HAY7tCRg3x90XLBWoJKD9OCWKc61QwzIjrkXYz1mTgw root@ubuntu-bionic
[   18.088950] cloud-init[668]: The key's randomart image is:
[   18.091121] cloud-init[668]: +---[ECDSA 256]---+
[   18.091355] cloud-init[668]: |..+.+ + ..++o    |
[   18.095831] cloud-init[668]: |.oE* @ * o.o     |
[   18.095976] cloud-init[668]: |o..+@ X = o      |
[   18.096155] cloud-init[668]: |o++=B. B +       |
[   18.102252] cloud-init[668]: | ooBo.  S        |
[   18.102661] cloud-init[668]: |. . ..           |
[   18.104649] cloud-init[668]: | .               |
[   18.105114] cloud-init[668]: |                 |
[   18.107331] cloud-init[668]: |                 |
[   18.107529] cloud-init[668]: +----[SHA256]-----+
[   18.109537] cloud-init[668]: Generating public/private ed25519 key pair.
[   18.110091] cloud-init[668]: Your identification has been saved in /etc/ssh/ssh_host_ed25519_key.
[   18.111153] cloud-init[668]: Your public key has been saved in /etc/ssh/ssh_host_ed25519_key.pub.
[[0;32m  OK  [0m] Started ACPI Events Check.
[[0;32m  OK  [0m] Reached target Paths.
[[0;32m  OK  [0m] Started Daily apt download activities.
[[0;32m  OK  [0m] Listening on ACPID Listen Socket.
[[0;32m  OK  [0m] Started Daily apt upgrade and clean activities.
[[0;32m  OK  [0m] Listening on Open-iSCSI iscsid Socket.
[[0;32m  OK  [0m] Started Daily Cleanup of Temporary Directories.
[[0;32m  OK  [0m] Started Message of the Day.
[[0;32m  OK  [0m] Reached target Timers.
[[0;32m  OK  [0m] Listening on UUID daemon activation socket.
[[0;32m  OK  [0m] Listening on D-Bus System Message Bus Socket.
         Starting Socket activation for snappy daemon.
         Starting LXD - unix socket.
[[0;32m  OK  [0m] Reached target Network is Online.
[[0;32m  OK  [0m] Reached target Remote File Systems (Pre).
[[0;32m  OK  [0m] Reached target Remote File Systems.
[   18.134469] cloud-init[668]: The key fingerprint is:
         Starting Availability of block devices...
[   18.170861] [[0;32m  OK  [0m] Listening on Socket activation for snappy daemon.
cloud-init[668]: SHA256:mDdtnVgY6Hg7XmkhZ9JiMjdM9ZpP40kMq08A36lAjsk root@ubuntu-bionic[[0;32m  OK  [0m] Listening on LXD - unix socket.
[[0;32m  OK  [0m] Reached target Sockets.
[[0;32m  OK  [0m] Reached target Basic System.
         Starting Pollinate to seed the pseudo random number generator...

[   18.189213] [[0;32m  OK  [0m] Started Regular background program processing daemon.
         Starting Accounts Service...
cloud-init[668]:          Starting Virtualbox guest utils...
[[0;32m  OK  [0m] Started D-Bus System Message Bus.
The key's randomart image is:
[   18.204451] cloud-init[668]: +--[ED25519 256]--+
[   18.208799] cloud-init[668]: |         oo      |
[   18.210620] cloud-init[668]: |        o  +     |
[   18.218355] cloud-init[668]: |      o= .o o    |
[   18.221682] cloud-init[668]: |   . =+=@o=@ .   |
[   18.225232] cloud-init[668]: |    E =*SOXoB    |
[   18.228327] cloud-init[668]: |       oo*+= o   |
[   18.230907] cloud-init[668]: |       .o+. +    |
[   18.256399] cloud-init[668]: |        .o       |
[   18.260229] cloud-init[668]: |          .      |
[   18.270390] cloud-init[668]: +----[SHA256]-----+
         Starting System Logging Service...
         Starting Login Service...
[[0;32m  OK  [0m] Started FUSE filesystem for LXC.
         Starting Dispatcher daemon for systemd-networkd...
         Starting LSB: automatic crash report generation...
         Starting LSB: Record successful boot for GRUB...
         Starting Snappy daemon...
         Starting Permit User Sessions...
[[0;32m  OK  [0m] Started Deferred execution scheduler.
[[0;32m  OK  [0m] Started irqbalance daemon.
         Starting LXD - container startup/shutdown...
[[0;32m  OK  [0m] Started System Logging Service.
[[0;32m  OK  [0m] Started Availability of block devices.
[[0;32m  OK  [0m] Started Permit User Sessions.
         Starting Authorization Manager...
         Starting Terminate Plymouth Boot Screen...
         Starting Hold until boot process finishes up...
[[0;32m  OK  [0m] Started Hold until boot process finishes up.
         Starting Set console scheme...
[[0;32m  OK  [0m] Started Serial Getty on ttyS0.
[[0;32m  OK  [0m] Started Login Service.
[[0;32m  OK  [0m] Started Unattended Upgrades Shutdown.
[[0;32m  OK  [0m] Started Terminate Plymouth Boot Screen.
[[0;32m  OK  [0m] Started Set console scheme.
[[0;32m  OK  [0m] Created slice system-getty.slice.
[[0;32m  OK  [0m] Started Getty on tty1.
[[0;32m  OK  [0m] Reached target Login Prompts.
[[0;32m  OK  [0m] Started LSB: automatic crash report generation.
[[0;32m  OK  [0m] Started Authorization Manager.
[[0;32m  OK  [0m] Started Accounts Service.
[[0;32m  OK  [0m] Started LSB: Record successful boot for GRUB.
[[0;32m  OK  [0m] Started Virtualbox guest utils.
[[0;32m  OK  [0m] Started LXD - container startup/shutdown.
[[0;32m  OK  [0m] Started Dispatcher daemon for systemd-networkd.
[[0;32m  OK  [0m] Started Snappy daemon.
         Starting Wait until snapd is fully seeded...
[[0;32m  OK  [0m] Started Pollinate to seed the pseudo random number generator.
         Starting OpenBSD Secure Shell server...
[[0;32m  OK  [0m] Started OpenBSD Secure Shell server.
[[0;32m  OK  [0m] Created slice User Slice of vagrant.
         Starting User Manager for UID 1000...
[[0;32m  OK  [0m] Started Session 1 of user vagrant.
[[0;32m  OK  [0m] Started User Manager for UID 1000.
[[0;32m  OK  [0m] Started Wait until snapd is fully seeded.
         Starting Apply the settings specified in cloud-config...
[[0;32m  OK  [0m] Reached target Multi-User System.
[[0;32m  OK  [0m] Reached target Graphical Interface.
         Starting Update UTMP about System Runlevel Changes...
[[0;32m  OK  [0m] Started Update UTMP about System Runlevel Changes.

Ubuntu 18.04.2 LTS ubuntu-bionic ttyS0

ubuntu-bionic login: [   25.459219] cloud-init[1107]: Cloud-init v. 19.1-1-gbaa47854-0ubuntu1~18.04.1 running 'modules:config' at Tue, 10 Sep 2019 01:02:57 +0000. Up 24.11 seconds.
ci-info: no authorized ssh keys fingerprints found for user ubuntu.
<14>Sep 10 01:03:00 ec2: 
<14>Sep 10 01:03:00 ec2: #############################################################
<14>Sep 10 01:03:00 ec2: -----BEGIN SSH HOST KEY FINGERPRINTS-----
<14>Sep 10 01:03:00 ec2: 1024 SHA256:72Lwz8RWYRagU9DkZLPwG6fnB6ogZG5gOGSGz3+Feu0 root@ubuntu-bionic (DSA)
<14>Sep 10 01:03:00 ec2: 256 SHA256:HAY7tCRg3x90XLBWoJKD9OCWKc61QwzIjrkXYz1mTgw root@ubuntu-bionic (ECDSA)
<14>Sep 10 01:03:00 ec2: 256 SHA256:mDdtnVgY6Hg7XmkhZ9JiMjdM9ZpP40kMq08A36lAjsk root@ubuntu-bionic (ED25519)
<14>Sep 10 01:03:00 ec2: 2048 SHA256:0fI464LIp0g4EDjFmHeTVkdEieQfEK1psSMFBMBI2ws root@ubuntu-bionic (RSA)
<14>Sep 10 01:03:00 ec2: -----END SSH HOST KEY FINGERPRINTS-----
<14>Sep 10 01:03:00 ec2: #############################################################
-----BEGIN SSH HOST KEY KEYS-----
ecdsa-sha2-nistp256 AAAAE2VjZHNhLXNoYTItbmlzdHAyNTYAAAAIbmlzdHAyNTYAAABBBMVh5mN5LGMugSxlgRROfFGoffIUlYAt3QZ2doymijZDGXEeEJouDo2Cm5i7Tu/B+DqZmpqkrXkYaSmLlpN3h1w= root@ubuntu-bionic
ssh-ed25519 AAAAC3NzaC1lZDI1NTE5AAAAIJz0hJ0Soi5TPgxFBKuHyQPJaiAwpoM3nhPBDAAsz3gm root@ubuntu-bionic
ssh-rsa AAAAB3NzaC1yc2EAAAADAQABAAABAQChgNTqryg2BzYceT/SOdNbxKGzaVmiAnCiNzoCo/TE4V6dGUU9t8vJSR6M6JE7wTxxR+ZaEqGQ/pI+i/PlE6x8hHig45W7G6R/ztFUtWF6qgaMsYJ4cxovbl2JvglcAaea6HMJb/pIAnUcTOte4AZXohO5bweTwbpbbHWiHw3VgOyQ2Z+0tJ6M+iHsGKaTFGGIjIVsN2XD2Lff42WqMdaHMnp3QRvedJU0xUFX1qnU8Mo9aqmUNHKR2bbHfXu3rL/FbUYyOfz83Px6oTeG6GDMUkY9HWht0dsyhunCFre6vnz1K0uNiWTQYQbOI1St8HWC06+ObgV8txM60JyQ4A7B root@ubuntu-bionic
-----END SSH HOST KEY KEYS-----
[   27.149708] cloud-init[1264]: Cloud-init v. 19.1-1-gbaa47854-0ubuntu1~18.04.1 running 'modules:final' at Tue, 10 Sep 2019 01:02:59 +0000. Up 26.74 seconds.
[   27.154471] cloud-init[1264]: ci-info: no authorized ssh keys fingerprints found for user ubuntu.
[   27.157046] cloud-init[1264]: Cloud-init v. 19.1-1-gbaa47854-0ubuntu1~18.04.1 finished at Tue, 10 Sep 2019 01:03:00 +0000. Datasource DataSourceNoCloud [seed=/dev/sdb][dsmode=net].  Up 27.13 seconds
